== ines
人物高さ 1097px → 余白 33px / ぼかし 6 / パディング 53px
  ノーマルマップ(front) 397x626 (色テクスチャの0.5倍)
  ノーマルマップ(back) 397x626 (色テクスチャの0.5倍)
  前面のはみ出し 0px (人物の0.00%、上限3%)
  背面のはみ出し 0px (人物の0.00%、上限3%)
  余分な余白(前面) 0.97% (上限5%、狙いの余白 33px / 最大 43px)
  余分な余白(背面) 0.50% (上限5%、狙いの余白 33px / 最大 38px)
OUTSIDE_RATIO 0.0000 0.0000 LIMIT 0.03
MARGIN_RATIO_PCT 0.97 0.50 LIMIT 5
figure [ 301, 82, 676, 1179 ]
OK
exit 0
== maren
人物高さ 1168px → 余白 35px / ぼかし 6 / パディング 55px
  ノーマルマップ(front) 383x655 (色テクスチャの0.5倍)
  ノーマルマップ(back) 383x655 (色テクスチャの0.5倍)
  前面のはみ出し 0px (人物の0.00%、上限3%)
  背面のはみ出し 0px (人物の0.00%、上限3%)
  余分な余白(前面) 3.44% (上限5%、狙いの余白 35px / 最大 57px)
  余分な余白(背面) 2.72% (上限5%、狙いの余白 35px / 最大 58px)
OUTSIDE_RATIO 0.0000 0.0000 LIMIT 0.03
MARGIN_RATIO_PCT 3.44 2.72 LIMIT 5
figure [ 126, 64, 685, 1232 ]
OK
exit 0
== lydia
人物高さ 1159px → 余白 35px / ぼかし 6 / パディング 55px
  ノーマルマップ(front) 383x655 (色テクスチャの0.5倍)
  ノーマルマップ(back) 383x655 (色テクスチャの0.5倍)
  前面のはみ出し 0px (人物の0.00%、上限3%)
  背面のはみ出し 0px (人物の0.00%、上限3%)
  余分な余白(前面) 1.82% (上限5%、狙いの余白 35px / 最大 43px)
  余分な余白(背面) 0.70% (上限5%、狙いの余白 35px / 最大 43px)
OUTSIDE_RATIO 0.0000 0.0000 LIMIT 0.03
MARGIN_RATIO_PCT 1.82 0.70 LIMIT 5
figure [ 201, 74, 680, 1234 ]
OK
exit 0
